settlement-reconciler-1  | 2026/03/23 04:33:05 settlement reconciler synced invoices=0 withdrawals=0
settlement-reconciler-1  | 2026/03/23 04:33:10 settlement reconciler synced invoices=0 withdrawals=0
settlement-reconciler-1  | 2026/03/23 04:33:15 settlement reconciler synced invoices=0 withdrawals=0
settlement-reconciler-1  | 2026/03/23 04:33:20 settlement reconciler synced invoices=0 withdrawals=0
settlement-reconciler-1  | 2026/03/23 04:33:25 settlement reconciler synced invoices=0 withdrawals=0
settlement-reconciler-1  | 2026/03/23 04:33:30 settlement reconciler synced invoices=0 withdrawals=0
settlement-reconciler-1  | 2026/03/23 04:33:35 settlement reconciler synced invoices=0 withdrawals=0
settlement-reconciler-1  | 2026/03/23 04:33:40 settlement reconciler synced invoices=0 withdrawals=0
settlement-reconciler-1  | 2026/03/23 04:33:45 settlement reconciler synced invoices=0 withdrawals=0
settlement-reconciler-1  | 2026/03/23 04:33:50 settlement reconciler synced invoices=0 withdrawals=0
settlement-reconciler-1  | 2026/03/23 04:33:55 settlement reconciler synced invoices=0 withdrawals=0
settlement-reconciler-1  | 2026/03/23 04:34:00 settlement reconciler synced invoices=0 withdrawals=0
settlement-reconciler-1  | 2026/03/23 04:34:05 settlement reconciler synced invoices=0 withdrawals=0
settlement-reconciler-1  | 2026/03/23 04:34:10 settlement reconciler synced invoices=0 withdrawals=0
settlement-reconciler-1  | 2026/03/23 04:34:15 settlement reconciler synced invoices=0 withdrawals=0
settlement-reconciler-1  | 2026/03/23 04:34:20 settlement reconciler synced invoices=0 withdrawals=0
settlement-reconciler-1  | 2026/03/23 04:34:25 settlement reconciler synced invoices=0 withdrawals=0
settlement-reconciler-1  | 2026/03/23 04:34:30 settlement reconciler synced invoices=0 withdrawals=0
settlement-reconciler-1  | 2026/03/23 04:34:35 settlement reconciler synced invoices=0 withdrawals=0
settlement-reconciler-1  | 2026/03/23 04:34:40 settlement reconciler synced invoices=0 withdrawals=0
settlement-reconciler-1  | 2026/03/23 04:34:45 settlement reconciler synced invoices=0 withdrawals=0
settlement-reconciler-1  | 2026/03/23 04:34:50 settlement reconciler synced invoices=0 withdrawals=0
settlement-reconciler-1  | 2026/03/23 04:34:55 settlement reconciler synced invoices=0 withdrawals=0
settlement-reconciler-1  | 2026/03/23 04:35:00 settlement reconciler synced invoices=0 withdrawals=0
settlement-reconciler-1  | 2026/03/23 04:35:05 settlement reconciler synced invoices=0 withdrawals=0
settlement-reconciler-1  | 2026/03/23 04:35:10 settlement reconciler synced invoices=0 withdrawals=0
settlement-reconciler-1  | 2026/03/23 04:35:15 settlement reconciler synced invoices=0 withdrawals=0
settlement-reconciler-1  | 2026/03/23 04:35:20 settlement reconciler synced invoices=0 withdrawals=0
settlement-reconciler-1  | 2026/03/23 04:35:25 settlement reconciler synced invoices=0 withdrawals=0
settlement-reconciler-1  | 2026/03/23 04:35:30 settlement reconciler synced invoices=0 withdrawals=0
settlement-reconciler-1  | 2026/03/23 04:35:35 settlement reconciler synced invoices=0 withdrawals=0
settlement-reconciler-1  | 2026/03/23 04:35:40 settlement reconciler synced invoices=0 withdrawals=0
settlement-reconciler-1  | 2026/03/23 04:35:45 settlement reconciler synced invoices=0 withdrawals=0
settlement-reconciler-1  | 2026/03/23 04:35:50 settlement reconciler synced invoices=0 withdrawals=0
settlement-reconciler-1  | 2026/03/23 04:35:55 settlement reconciler synced invoices=0 withdrawals=0
settlement-reconciler-1  | 2026/03/23 04:36:00 settlement reconciler synced invoices=0 withdrawals=0
settlement-reconciler-1  | 2026/03/23 04:36:05 settlement reconciler synced invoices=0 withdrawals=0
settlement-reconciler-1  | 2026/03/23 04:36:10 settlement reconciler synced invoices=0 withdrawals=0
settlement-reconciler-1  | 2026/03/23 04:36:15 settlement reconciler synced invoices=0 withdrawals=0
settlement-reconciler-1  | 2026/03/23 04:36:20 settlement reconciler synced invoices=0 withdrawals=0
settlement-reconciler-1  | 2026/03/23 04:36:25 settlement reconciler synced invoices=0 withdrawals=0
settlement-reconciler-1  | 2026/03/23 04:36:30 settlement reconciler synced invoices=0 withdrawals=0
settlement-reconciler-1  | 2026/03/23 04:36:35 settlement reconciler synced invoices=0 withdrawals=0
settlement-reconciler-1  | 2026/03/23 04:36:40 settlement reconciler synced invoices=0 withdrawals=0
settlement-reconciler-1  | 2026/03/23 04:36:45 settlement reconciler synced invoices=0 withdrawals=0
settlement-reconciler-1  | 2026/03/23 04:36:50 settlement reconciler synced invoices=0 withdrawals=0
settlement-reconciler-1  | 2026/03/23 04:36:55 settlement reconciler synced invoices=0 withdrawals=0
settlement-reconciler-1  | 2026/03/23 04:37:00 settlement reconciler synced invoices=0 withdrawals=0
settlement-reconciler-1  | 2026/03/23 04:37:05 settlement reconciler synced invoices=0 withdrawals=0
settlement-reconciler-1  | 2026/03/23 04:37:10 settlement reconciler synced invoices=0 withdrawals=0
settlement-reconciler-1  | 2026/03/23 04:37:15 settlement reconciler synced invoices=0 withdrawals=0
settlement-reconciler-1  | 2026/03/23 04:37:20 settlement reconciler synced invoices=0 withdrawals=0
settlement-reconciler-1  | 2026/03/23 04:37:25 settlement reconciler synced invoices=0 withdrawals=0
settlement-reconciler-1  | 2026/03/23 04:37:30 settlement reconciler synced invoices=0 withdrawals=0
settlement-reconciler-1  | 2026/03/23 04:37:35 settlement reconciler synced invoices=1 withdrawals=0
settlement-reconciler-1  | 2026/03/23 04:37:40 settlement reconciler synced invoices=0 withdrawals=0
settlement-reconciler-1  | 2026/03/23 04:37:45 settlement reconciler synced invoices=0 withdrawals=0
settlement-reconciler-1  | 2026/03/23 04:37:50 settlement reconciler synced invoices=0 withdrawals=0
settlement-reconciler-1  | 2026/03/23 04:37:55 settlement reconciler synced invoices=0 withdrawals=0
settlement-reconciler-1  | 2026/03/23 04:38:00 settlement reconciler synced invoices=0 withdrawals=0
settlement-reconciler-1  | 2026/03/23 04:38:05 settlement reconciler synced invoices=0 withdrawals=0
settlement-reconciler-1  | 2026/03/23 04:38:10 settlement reconciler synced invoices=0 withdrawals=0
settlement-reconciler-1  | 2026/03/23 04:38:15 settlement reconciler synced invoices=0 withdrawals=0
settlement-reconciler-1  | 2026/03/23 04:38:20 settlement reconciler synced invoices=0 withdrawals=0
settlement-reconciler-1  | 2026/03/23 04:38:25 settlement reconciler synced invoices=0 withdrawals=0
settlement-reconciler-1  | 2026/03/23 04:38:30 settlement reconciler synced invoices=0 withdrawals=0
settlement-reconciler-1  | 2026/03/23 04:38:35 settlement reconciler synced invoices=0 withdrawals=0
settlement-reconciler-1  | 2026/03/23 04:38:40 settlement reconciler synced invoices=0 withdrawals=0
settlement-reconciler-1  | 2026/03/23 04:38:45 settlement reconciler synced invoices=0 withdrawals=0
settlement-reconciler-1  | 2026/03/23 04:38:50 settlement reconciler synced invoices=0 withdrawals=0
settlement-reconciler-1  | 2026/03/23 04:38:55 settlement reconciler synced invoices=0 withdrawals=0
settlement-reconciler-1  | 2026/03/23 04:39:00 settlement reconciler synced invoices=0 withdrawals=0
provider-fnn-1           | No wallet key found, generating /data/ckb/key
provider-fnn-1           |   [2m2026-03-23T04:38:54.210980Z[0m [31mERROR[0m [1;31mfnn::ckb::actor[0m[31m: [31m[ckb] send transaction Byte32(0x5ab5b17e7dbed3d0216b58ba8693ae8e580d12f4e50e4ab978dd10934a727726) failed: Rpc(Error { code: ServerError(-301), message: "TransactionFailedToResolve: Resolve failed Unknown(OutPoint(0xf4c620143e946916dc647c568c7570908cc90e5786ba5435f261b67fd23354fd01000000))", data: Some(String("Resolve(Unknown(OutPoint(0xf4c620143e946916dc647c568c7570908cc90e5786ba5435f261b67fd23354fd01000000)))")) })[0m
provider-fnn-1           |     [2;3mat[0m crates/fiber-lib/src/ckb/actor.rs:183
provider-fnn-1           | 
provider-fnn-1           |   [2m2026-03-23T04:38:54.211036Z[0m [31mERROR[0m [1;31mfnn::fiber::in_flight_ckb_tx_actor[0m[31m: [31mfailed to send tx Hash256(0x5ab5b17e7dbed3d0216b58ba8693ae8e580d12f4e50e4ab978dd10934a727726) because of rpc error: jsonrpc error: `Server error: TransactionFailedToResolve: Resolve failed Unknown(OutPoint(0xf4c620143e946916dc647c568c7570908cc90e5786ba5435f261b67fd23354fd01000000))`[0m
provider-fnn-1           |     [2;3mat[0m crates/fiber-lib/src/fiber/in_flight_ckb_tx_actor.rs:226
provider-fnn-1           | 
bootstrap-1              | 2026/03/23 04:32:57 bootstrap completed
bootstrap-1              | 2026/03/23 04:37:20 bootstrap completed
fnn2-1                   | No wallet key found, generating /data/ckb/key
fnn2-1                   |   [2m2026-03-23T04:36:17.042407Z[0m [31mERROR[0m [1;31mfnn::fiber::network[0m[31m: [31mFailed to create channel: Invalid parameter: Peer PeerId(QmNNkrXgrCEbuBXDzm8hYcKiaYqVEbS5n45W3DHnPepsFg)'s feature not found, waiting for peer to send Init message[0m
fnn2-1                   |     [2;3mat[0m crates/fiber-lib/src/fiber/network.rs:1700
fnn2-1                   | 
fnn2-1                   |   [2m2026-03-23T04:36:17.042452Z[0m [31mERROR[0m [1;31mfnn::rpc::channel[0m[31m: [31mchannel request params OpenChannelParams { peer_id: PeerId(QmNNkrXgrCEbuBXDzm8hYcKiaYqVEbS5n45W3DHnPepsFg), funding_amount: 50, public: None, funding_udt_type_script: Some(Script { code_hash: H256 ( [ 0xcc, 0x9d, 0xc3, 0x3e, 0xf2, 0x34, 0xe1, 0x4b, 0xc7, 0x88, 0xc4, 0x3a, 0x48, 0x48, 0x55, 0x6a, 0x5f, 0xb1, 0x64, 0x01, 0xa0, 0x46, 0x62, 0xfc, 0x55, 0xdb, 0x9b, 0xb2, 0x01, 0x98, 0x70, 0x37 ] ), hash_type: Type, args: JsonBytes(b"q\xfd\x19\x85\xb2\x97\x1a\x99\x03\xe4\xd8\xed\rY\xe6q\x01f\x98R\x17\xca\x06\x81Cx\x83\x83{\x86\x16/") }), shutdown_script: None, commitment_delay_epoch: None, commitment_fee_rate: None, funding_fee_rate: None, tlc_expiry_delta: None, tlc_min_value: None, tlc_fee_proportional_millionths: Some(0), max_tlc_value_in_flight: None, max_tlc_number_in_flight: None } => error: "Invalid parameter: Peer PeerId(QmNNkrXgrCEbuBXDzm8hYcKiaYqVEbS5n45W3DHnPepsFg)'s feature not found, waiting for peer to send Init message"[0m
fnn2-1                   |     [2;3mat[0m crates/fiber-lib/src/rpc/channel.rs:473
fnn2-1                   | 
fnn2-1                   |   [2m2026-03-23T04:37:36.011498Z[0m [31mERROR[0m [1;31mfnn::fiber::network[0m[31m: [31mFailed to create channel: Invalid parameter: Peer PeerId(QmRrChL3WgCtyrX98YeHamcUf9BL4vnveFbmmDHfu9Bf4n)'s feature not found, waiting for peer to send Init message[0m
fnn2-1                   |     [2;3mat[0m crates/fiber-lib/src/fiber/network.rs:1700
fnn2-1                   | 
fnn2-1                   |   [2m2026-03-23T04:37:36.011528Z[0m [31mERROR[0m [1;31mfnn::rpc::channel[0m[31m: [31mchannel request params OpenChannelParams { peer_id: PeerId(QmRrChL3WgCtyrX98YeHamcUf9BL4vnveFbmmDHfu9Bf4n), funding_amount: 50, public: None, funding_udt_type_script: Some(Script { code_hash: H256 ( [ 0xcc, 0x9d, 0xc3, 0x3e, 0xf2, 0x34, 0xe1, 0x4b, 0xc7, 0x88, 0xc4, 0x3a, 0x48, 0x48, 0x55, 0x6a, 0x5f, 0xb1, 0x64, 0x01, 0xa0, 0x46, 0x62, 0xfc, 0x55, 0xdb, 0x9b, 0xb2, 0x01, 0x98, 0x70, 0x37 ] ), hash_type: Type, args: JsonBytes(b"q\xfd\x19\x85\xb2\x97\x1a\x99\x03\xe4\xd8\xed\rY\xe6q\x01f\x98R\x17\xca\x06\x81Cx\x83\x83{\x86\x16/") }), shutdown_script: None, commitment_delay_epoch: None, commitment_fee_rate: None, funding_fee_rate: None, tlc_expiry_delta: None, tlc_min_value: None, tlc_fee_proportional_millionths: Some(0), max_tlc_value_in_flight: None, max_tlc_number_in_flight: None } => error: "Invalid parameter: Peer PeerId(QmRrChL3WgCtyrX98YeHamcUf9BL4vnveFbmmDHfu9Bf4n)'s feature not found, waiting for peer to send Init message"[0m
fnn2-1                   |     [2;3mat[0m crates/fiber-lib/src/rpc/channel.rs:473
fnn2-1                   | 
fnn2-1                   |   [2m2026-03-23T04:38:54.226491Z[0m [31mERROR[0m [1;31mfnn::ckb::actor[0m[31m: [31m[ckb] send transaction Byte32(0x5ab5b17e7dbed3d0216b58ba8693ae8e580d12f4e50e4ab978dd10934a727726) failed: Rpc(Error { code: ServerError(-301), message: "TransactionFailedToResolve: Resolve failed Unknown(OutPoint(0xf4c620143e946916dc647c568c7570908cc90e5786ba5435f261b67fd23354fd01000000))", data: Some(String("Resolve(Unknown(OutPoint(0xf4c620143e946916dc647c568c7570908cc90e5786ba5435f261b67fd23354fd01000000)))")) })[0m
fnn2-1                   |     [2;3mat[0m crates/fiber-lib/src/ckb/actor.rs:183
fnn2-1                   | 
fnn2-1                   |   [2m2026-03-23T04:38:54.226619Z[0m [31mERROR[0m [1;31mfnn::fiber::in_flight_ckb_tx_actor[0m[31m: [31mfailed to send tx Hash256(0x5ab5b17e7dbed3d0216b58ba8693ae8e580d12f4e50e4ab978dd10934a727726) because of rpc error: jsonrpc error: `Server error: TransactionFailedToResolve: Resolve failed Unknown(OutPoint(0xf4c620143e946916dc647c568c7570908cc90e5786ba5435f261b67fd23354fd01000000))`[0m
fnn2-1                   |     [2;3mat[0m crates/fiber-lib/src/fiber/in_flight_ckb_tx_actor.rs:226
fnn2-1                   | 
carrier-gateway-1        | 2026/03/23 04:33:00 [gateway] CARRIER_DISCORD_PUBLIC_KEY is not set — all Discord webhook requests will be rejected
carrier-gateway-1        | 2026/03/23 04:33:00 [gateway/telegram] transport disabled: missing CARRIER_TELEGRAM_BOT_TOKEN
carrier-gateway-1        | 2026/03/23 04:33:00 [gateway] listening on http://0.0.0.0:8787
settlement-1             | 2026/03/23 04:33:05 settlement listening on :8083
settlement-1             | 2026/03/23 04:33:06 access service="settlement" method="GET" path="/healthz" status=200 duration=19µs remote="172.18.0.1:33770"
settlement-1             | 2026/03/23 04:37:27 access service="settlement" method="GET" path="/healthz" status=200 duration=20µs remote="172.18.0.21:50200"
settlement-1             | 2026/03/23 04:37:31 access service="settlement" method="POST" path="/v1/topups" status=201 duration=10.555ms remote="172.18.0.21:39720"
settlement-1             | 2026/03/23 04:37:31 access service="settlement" method="GET" path="/v1/settled-feed" status=200 duration=1.37ms remote="172.18.0.21:39720"
settlement-1             | 2026/03/23 04:37:31 access service="settlement" method="GET" path="/v1/funding-records" status=200 duration=5.262ms remote="172.18.0.21:39722"
settlement-1             | 2026/03/23 04:37:33 access service="settlement" method="GET" path="/v1/funding-records" status=200 duration=2.222ms remote="172.18.0.21:39722"
settlement-1             | 2026/03/23 04:37:35 access service="settlement" method="GET" path="/v1/funding-records" status=200 duration=1.996ms remote="172.18.0.21:39722"
carrier-daemon-1         | {"time":"2026-03-23T04:32:54.458180088Z","level":"INFO","msg":"initializing carrier daemon"}
carrier-daemon-1         | carrier daemon booted (listen=0.0.0.0:8788 log=info/text)
api-gateway-1            | 2026/03/23 04:32:57 api-gateway listening on :8080
api-gateway-1            | 2026/03/23 04:33:06 access service="api-gateway" method="GET" path="/healthz" status=200 duration=36µs remote="172.18.0.1:32974"
api-gateway-1            | 2026/03/23 04:37:27 access service="api-gateway" method="GET" path="/healthz" status=200 duration=60µs remote="172.18.0.21:49748"
api-gateway-1            | 2026/03/23 04:37:35 access service="api-gateway" method="POST" path="/api/v1/carrier-bindings" status=201 duration=201µs remote="172.18.0.21:44590"
api-gateway-1            | 2026/03/23 04:37:35 access service="api-gateway" method="POST" path="/api/v1/carrier-bindings/pcb_1/verify" status=200 duration=35µs remote="172.18.0.21:44590"
api-gateway-1            | 2026/03/23 04:37:35 access service="api-gateway" method="POST" path="/api/v1/provider-settlement-bindings" status=201 duration=121µs remote="172.18.0.21:44594"
api-gateway-1            | 2026/03/23 04:37:35 access service="api-gateway" method="POST" path="/api/v1/provider-settlement-bindings/psb_1/verify" status=200 duration=19µs remote="172.18.0.21:44594"
api-gateway-1            | 2026/03/23 04:37:35 access service="api-gateway" method="POST" path="/api/v1/rfqs" status=201 duration=7.611ms remote="172.18.0.21:44610"
api-gateway-1            | 2026/03/23 04:37:36 access service="api-gateway" method="POST" path="/api/v1/rfqs/rfq_1/bids" status=201 duration=6.145ms remote="172.18.0.21:44610"
api-gateway-1            | 2026/03/23 04:39:02 access service="api-gateway" method="POST" path="/api/v1/rfqs/rfq_1/award" status=200 duration=1m26.021363s remote="172.18.0.21:44610"
api-gateway-1            | 2026/03/23 04:39:02 access service="api-gateway" method="GET" path="/api/v1/orders/ord_1/provider-settlement-reservation" status=200 duration=1.308ms remote="172.18.0.21:44610"
api-gateway-1            | 2026/03/23 04:39:02 access service="api-gateway" method="POST" path="/api/v1/orders/ord_1/milestones/ms_1/bind-carrier" status=201 duration=67µs remote="172.18.0.21:44610"
api-gateway-1            | 2026/03/23 04:39:02 access service="api-gateway" method="POST" path="/api/v1/orders/ord_1/milestones/ms_1/jobs" status=201 duration=89µs remote="172.18.0.21:44610"
api-gateway-1            | 2026/03/23 04:39:02 access service="api-gateway" method="POST" path="/api/v1/carrier/callbacks/events" status=200 duration=580µs remote="172.18.0.21:44610"
api-gateway-1            | 2026/03/23 04:39:02 access service="api-gateway" method="POST" path="/api/v1/carrier/callbacks/events" status=200 duration=1.709ms remote="172.18.0.21:57216"
fiber-adapter-1          | 2026/03/23 04:37:20 fiber-adapter listening on :8091
fiber-adapter-1          | 2026/03/23 04:37:25 access service="fiber-adapter" method="GET" path="/healthz" status=200 duration=65µs remote="127.0.0.1:36846"
fiber-adapter-1          | 2026/03/23 04:37:31 access service="fiber-adapter" method="GET" path="/healthz" status=200 duration=74µs remote="127.0.0.1:38078"
fiber-adapter-1          | 2026/03/23 04:37:31 access service="fiber-adapter" method="POST" path="/" status=200 duration=1.902ms remote="172.18.0.18:40990"
fiber-adapter-1          | 2026/03/23 04:37:31 access service="fiber-adapter" method="POST" path="/" status=200 duration=2.816ms remote="172.18.0.21:51962"
carrier-daemon-1         | catalog (active):
fiber-adapter-1          | 2026/03/23 04:37:31 access service="fiber-adapter" method="POST" path="/" status=200 duration=971µs remote="172.18.0.18:40990"
fiber-adapter-1          | 2026/03/23 04:37:35 access service="fiber-adapter" method="POST" path="/" status=200 duration=1.514ms remote="172.18.0.17:41876"
mock-fiber-1             | 2026/03/23 04:32:54 mock-fiber listening on :8090
fiber-adapter-1          | 2026/03/23 04:37:36 access service="fiber-adapter" method="GET" path="/healthz" status=200 duration=54µs remote="127.0.0.1:38088"
settlement-1             | 2026/03/23 04:39:02 access service="settlement" method="POST" path="/v1/provider-payouts" status=201 duration=5.227ms remote="172.18.0.21:39722"
fiber-adapter-1          | 2026/03/23 04:37:41 access service="fiber-adapter" method="GET" path="/healthz" status=200 duration=34µs remote="127.0.0.1:34388"
settlement-1             | 2026/03/23 04:39:02 access service="settlement" method="POST" path="/v1/provider-payouts" status=201 duration=4.412ms remote="172.18.0.21:39722"
settlement-1             | 2026/03/23 04:39:02 access service="settlement" method="POST" path="/v1/provider-payouts" status=201 duration=4.185ms remote="172.18.0.21:39722"
settlement-1             | 2026/03/23 04:39:02 access service="settlement" method="GET" path="/v1/funding-records" status=200 duration=1.557ms remote="172.18.0.21:39722"
settlement-1             | 2026/03/23 04:39:02 access service="settlement" method="POST" path="/v1/provider-payouts" status=201 duration=5.285ms remote="172.18.0.21:39722"
settlement-1             | 2026/03/23 04:39:02 access service="settlement" method="POST" path="/v1/provider-payouts" status=201 duration=4.022ms remote="172.18.0.21:39722"
settlement-1             | 2026/03/23 04:39:02 access service="settlement" method="POST" path="/v1/provider-payouts" status=201 duration=3.433ms remote="172.18.0.21:39722"
settlement-1             | 2026/03/23 04:39:02 access service="settlement" method="GET" path="/v1/funding-records" status=200 duration=1.414ms remote="172.18.0.21:39722"
settlement-1             | 2026/03/23 04:39:02 access service="settlement" method="POST" path="/v1/provider-payouts" status=201 duration=7.61ms remote="172.18.0.21:39722"
settlement-1             | 2026/03/23 04:39:02 access service="settlement" method="POST" path="/v1/provider-payouts" status=201 duration=4.059ms remote="172.18.0.21:39722"
settlement-1             | 2026/03/23 04:39:02 access service="settlement" method="POST" path="/v1/provider-payouts" status=201 duration=3.209ms remote="172.18.0.21:39722"
settlement-1             | 2026/03/23 04:39:02 access service="settlement" method="GET" path="/v1/funding-records" status=200 duration=1.545ms remote="172.18.0.21:39722"
web-1                    | ▲ Next.js 16.1.6
marketplace-1            | 2026/03/23 04:32:58 marketplace listening on :8082
web-1                    | - Local:         http://4c8b1e356ae5:3000
web-1                    | - Network:       http://4c8b1e356ae5:3000
web-1                    | 
web-1                    | ✓ Starting...
web-1                    | ✓ Ready in 452ms
carrier-daemon-1         | - Codex CLI (codex): active
carrier-daemon-1         | - OpenClaw (openclaw): active
carrier-daemon-1         | - OpenCode (opencode): active
carrier-daemon-1         | - PicoClaw (picoclaw): active
nats-1                   | [1] 2026/03/23 04:32:54.812043 [INF] Starting nats-server
remote-vps-1             | Server listening on 0.0.0.0 port 22.
nats-1                   | [1] 2026/03/23 04:32:54.813938 [INF]   Version:  2.10.29
nats-1                   | [1] 2026/03/23 04:32:54.814064 [INF]   Git:      [f91ddd8]
nats-1                   | [1] 2026/03/23 04:32:54.814172 [INF]   Name:     NDN3DJE27JDG4AVDPKTPVZHMEF4NKFL4PIAGJTKGBPJJVMNQAIVAB4IQ
nats-1                   | [1] 2026/03/23 04:32:54.814321 [INF]   Node:     kgwDjIPc
nats-1                   | [1] 2026/03/23 04:32:54.814416 [INF]   ID:       NDN3DJE27JDG4AVDPKTPVZHMEF4NKFL4PIAGJTKGBPJJVMNQAIVAB4IQ
nats-1                   | [1] 2026/03/23 04:32:54.814898 [INF] Starting JetStream
fnn-1                    | No wallet key found, generating /data/ckb/key
nats-1                   | [1] 2026/03/23 04:32:54.815016 [WRN] Temporary storage directory used, data could be lost on system reboot
nats-1                   | [1] 2026/03/23 04:32:54.815978 [INF]     _ ___ _____ ___ _____ ___ ___   _   __  __
nats-1                   | [1] 2026/03/23 04:32:54.815990 [INF]  _ | | __|_   _/ __|_   _| _ \ __| /_\ |  \/  |
nats-1                   | [1] 2026/03/23 04:32:54.815993 [INF] | || | _|  | | \__ \ | | |   / _| / _ \| |\/| |
nats-1                   | [1] 2026/03/23 04:32:54.815995 [INF]  \__/|___| |_| |___/ |_| |_|_\___/_/ \_\_|  |_|
nats-1                   | [1] 2026/03/23 04:32:54.815998 [INF] 
redis-1                  | 1:C 23 Mar 2026 04:32:54.783 # WARNING Memory overcommit must be enabled! Without it, a background save or replication may fail under low memory condition. Being disabled, it can also cause failures without low memory condition, see https://github.com/jemalloc/jemalloc/issues/1328. To fix this issue add 'vm.overcommit_memory = 1' to /etc/sysctl.conf and then reboot or run the command 'sysctl vm.overcommit_memory=1' for this to take effect.
mock-carrier-1           | 2026/03/23 04:32:54 mock-carrier listening on :8787
redis-1                  | 1:C 23 Mar 2026 04:32:54.784 * oO0OoO0OoO0Oo Redis is starting oO0OoO0OoO0Oo
remote-vps-1             | Server listening on :: port 22.
nats-1                   | [1] 2026/03/23 04:32:54.816000 [INF]          https://docs.nats.io/jetstream
remote-vps-1             | kex_exchange_identification: Connection closed by remote host
fiber-adapter-1          | 2026/03/23 04:37:46 access service="fiber-adapter" method="GET" path="/healthz" status=200 duration=43µs remote="127.0.0.1:34404"
nats-1                   | [1] 2026/03/23 04:32:54.816002 [INF] 
fiber-adapter-1          | 2026/03/23 04:37:51 access service="fiber-adapter" method="GET" path="/healthz" status=200 duration=75µs remote="127.0.0.1:55946"
carrier-daemon-1         | - ZeroClaw (zeroclaw): active
carrier-daemon-1         | catalog (candidate, unlisted):
carrier-daemon-1         | - NanoClaw (nanoclaw): candidate [candidate]
carrier-daemon-1         | - Pi Mono (pi-mono): candidate [candidate]
carrier-daemon-1         | 
carrier-daemon-1         |   PAIR_CODE: pair-9184b06159a3084b5f3680f0f1d9319d
carrier-daemon-1         |   (expires in 5 minutes)
carrier-daemon-1         | 
carrier-daemon-1         | HTTP API listening on 0.0.0.0:8788
carrier-daemon-1         | {"time":"2026-03-23T04:32:54.480430648Z","level":"INFO","msg":"carrier daemon booted"}
redis-1                  | 1:C 23 Mar 2026 04:32:54.784 * Redis version=7.4.8, bits=64, commit=00000000, modified=0, pid=1, just started
redis-1                  | 1:C 23 Mar 2026 04:32:54.784 * Configuration loaded
redis-1                  | 1:M 23 Mar 2026 04:32:54.784 * monotonic clock: POSIX clock_gettime
redis-1                  | 1:M 23 Mar 2026 04:32:54.785 * Running mode=standalone, port=6379.
redis-1                  | 1:M 23 Mar 2026 04:32:54.785 * Server initialized
redis-1                  | 1:M 23 Mar 2026 04:32:54.785 * Ready to accept connections tcp
execution-1              | 2026/03/23 04:33:05 execution listening on :8085
execution-1              | 2026/03/23 04:33:06 access service="execution" method="GET" path="/healthz" status=200 duration=19µs remote="172.18.0.1:53680"
fiber-adapter-1          | 2026/03/23 04:37:56 access service="fiber-adapter" method="GET" path="/healthz" status=200 duration=39µs remote="127.0.0.1:55956"
remote-vps-1             | Connection closed by 127.0.0.1 port 60068
fiber-adapter-1          | 2026/03/23 04:38:01 access service="fiber-adapter" method="GET" path="/healthz" status=200 duration=58µs remote="127.0.0.1:43946"
api-gateway-1            | 2026/03/23 04:39:02 access service="api-gateway" method="POST" path="/api/v1/carrier/callbacks/events" status=200 duration=1.854ms remote="172.18.0.21:57228"
fiber-adapter-1          | 2026/03/23 04:38:06 access service="fiber-adapter" method="GET" path="/healthz" status=200 duration=44µs remote="127.0.0.1:43956"
api-gateway-1            | 2026/03/23 04:39:02 access service="api-gateway" method="POST" path="/api/v1/carrier/callbacks/events" status=200 duration=654µs remote="172.18.0.21:57236"
remote-vps-1             | Accepted publickey for carrier from 172.18.0.14 port 52422 ssh2: ED25519 SHA256:T6bmROdrJ3C2/661IuSDCPRmyTt/mDtBWSaH7ngTqEI
api-gateway-1            | 2026/03/23 04:39:02 access service="api-gateway" method="POST" path="/api/v1/carrier/callbacks/events" status=200 duration=1.567ms remote="172.18.0.21:57252"
remote-vps-1             | Received disconnect from 172.18.0.14 port 52422:11: disconnected by user
fiber-adapter-1          | 2026/03/23 04:38:11 access service="fiber-adapter" method="GET" path="/healthz" status=200 duration=55µs remote="127.0.0.1:43470"
remote-vps-1             | Disconnected from user carrier 172.18.0.14 port 52422
fiber-adapter-1          | 2026/03/23 04:38:16 access service="fiber-adapter" method="GET" path="/healthz" status=200 duration=43µs remote="127.0.0.1:43486"
api-gateway-1            | 2026/03/23 04:39:02 access service="api-gateway" method="GET" path="/api/v1/orders/ord_1" status=200 duration=1.638ms remote="172.18.0.21:57266"
fiber-adapter-1          | 2026/03/23 04:38:21 access service="fiber-adapter" method="GET" path="/healthz" status=200 duration=78µs remote="127.0.0.1:35336"
postgres-1               | The files belonging to this database system will be owned by user "postgres".
fiber-adapter-1          | 2026/03/23 04:38:26 access service="fiber-adapter" method="GET" path="/healthz" status=200 duration=52µs remote="127.0.0.1:35352"
postgres-1               | This user must also own the server process.
fiber-adapter-1          | 2026/03/23 04:38:31 access service="fiber-adapter" method="GET" path="/healthz" status=200 duration=49µs remote="127.0.0.1:57526"
execution-1              | 2026/03/23 04:37:27 access service="execution" method="GET" path="/healthz" status=200 duration=19µs remote="172.18.0.21:56794"
fiber-adapter-1          | 2026/03/23 04:38:36 access service="fiber-adapter" method="GET" path="/healthz" status=200 duration=97µs remote="127.0.0.1:57528"
api-gateway-1            | 2026/03/23 04:39:02 access service="api-gateway" method="GET" path="/api/v1/orders/ord_1/provider-settlement-reservation" status=200 duration=1.212ms remote="172.18.0.21:57266"
api-gateway-1            | 2026/03/23 04:39:02 access service="api-gateway" method="POST" path="/api/v1/rfqs" status=201 duration=4.311ms remote="172.18.0.21:57266"
api-gateway-1            | 2026/03/23 04:39:02 access service="api-gateway" method="POST" path="/api/v1/rfqs/rfq_2/bids" status=201 duration=3.908ms remote="172.18.0.21:57266"
api-gateway-1            | 2026/03/23 04:39:02 access service="api-gateway" method="POST" path="/api/v1/rfqs/rfq_2/award" status=200 duration=10.082ms remote="172.18.0.21:57266"
api-gateway-1            | 2026/03/23 04:39:02 access service="api-gateway" method="GET" path="/api/v1/orders/ord_2/provider-settlement-reservation" status=200 duration=1.264ms remote="172.18.0.21:57266"
api-gateway-1            | 2026/03/23 04:39:02 access service="api-gateway" method="POST" path="/api/v1/orders/ord_2/milestones/ms_1/bind-carrier" status=201 duration=45µs remote="172.18.0.21:57266"
api-gateway-1            | 2026/03/23 04:39:02 access service="api-gateway" method="POST" path="/api/v1/orders/ord_2/milestones/ms_1/jobs" status=201 duration=168µs remote="172.18.0.21:57266"
api-gateway-1            | 2026/03/23 04:39:02 access service="api-gateway" method="POST" path="/api/v1/carrier/callbacks/events" status=200 duration=552µs remote="172.18.0.21:57266"
api-gateway-1            | 2026/03/23 04:39:02 access service="api-gateway" method="POST" path="/api/v1/carrier/callbacks/events" status=200 duration=2.326ms remote="172.18.0.21:57272"
api-gateway-1            | 2026/03/23 04:39:02 access service="api-gateway" method="POST" path="/api/v1/carrier/callbacks/events" status=200 duration=2.302ms remote="172.18.0.21:57286"
api-gateway-1            | 2026/03/23 04:39:02 access service="api-gateway" method="POST" path="/api/v1/carrier/callbacks/events" status=200 duration=605µs remote="172.18.0.21:57298"
api-gateway-1            | 2026/03/23 04:39:02 access service="api-gateway" method="POST" path="/api/v1/carrier/callbacks/events" status=200 duration=1.434ms remote="172.18.0.21:57300"
api-gateway-1            | 2026/03/23 04:39:02 access service="api-gateway" method="GET" path="/api/v1/orders/ord_2" status=200 duration=1.404ms remote="172.18.0.21:57304"
api-gateway-1            | 2026/03/23 04:39:02 access service="api-gateway" method="GET" path="/api/v1/orders/ord_2/provider-settlement-reservation" status=200 duration=957µs remote="172.18.0.21:57304"
api-gateway-1            | 2026/03/23 04:39:02 access service="api-gateway" method="POST" path="/api/v1/rfqs" status=201 duration=2.643ms remote="172.18.0.21:57304"
api-gateway-1            | 2026/03/23 04:39:02 access service="api-gateway" method="POST" path="/api/v1/rfqs/rfq_3/bids" status=201 duration=2.78ms remote="172.18.0.21:57304"
api-gateway-1            | 2026/03/23 04:39:02 access service="api-gateway" method="POST" path="/api/v1/rfqs/rfq_3/award" status=200 duration=9.808ms remote="172.18.0.21:57304"
iam-1                    | 2026/03/23 04:32:57 iam listening on :8081
iam-1                    | 2026/03/23 04:37:31 access service="iam" method="POST" path="/v1/signup" status=201 duration=79.209ms remote="172.18.0.21:37116"
iam-1                    | 2026/03/23 04:37:31 access service="iam" method="POST" path="/v1/signup" status=201 duration=70.751ms remote="172.18.0.21:37116"
iam-1                    | 2026/03/23 04:37:31 access service="iam" method="GET" path="/v1/me" status=200 duration=2.871ms remote="172.18.0.18:49808"
iam-1                    | 2026/03/23 04:37:31 access service="iam" method="GET" path="/v1/me" status=200 duration=950µs remote="172.18.0.18:49808"
iam-1                    | 2026/03/23 04:37:33 access service="iam" method="GET" path="/v1/me" status=200 duration=1.245ms remote="172.18.0.18:49808"
iam-1                    | 2026/03/23 04:37:35 access service="iam" method="GET" path="/v1/me" status=200 duration=1.086ms remote="172.18.0.18:49808"
iam-1                    | 2026/03/23 04:37:35 access service="iam" method="GET" path="/v1/me" status=200 duration=919µs remote="172.18.0.11:55230"
iam-1                    | 2026/03/23 04:37:35 access service="iam" method="GET" path="/v1/me" status=200 duration=767µs remote="172.18.0.11:55230"
iam-1                    | 2026/03/23 04:37:35 access service="iam" method="GET" path="/v1/me" status=200 duration=537µs remote="172.18.0.11:55230"
iam-1                    | 2026/03/23 04:37:35 access service="iam" method="GET" path="/v1/me" status=200 duration=499µs remote="172.18.0.11:55230"
iam-1                    | 2026/03/23 04:37:36 access service="iam" method="GET" path="/v1/me" status=200 duration=492µs remote="172.18.0.11:55230"
iam-1                    | 2026/03/23 04:37:36 access service="iam" method="GET" path="/v1/me" status=200 duration=449µs remote="172.18.0.11:55230"
iam-1                    | 2026/03/23 04:39:02 access service="iam" method="GET" path="/v1/me" status=200 duration=683µs remote="172.18.0.11:55230"
api-gateway-1            | 2026/03/23 04:39:02 access service="api-gateway" method="GET" path="/api/v1/orders/ord_3/provider-settlement-reservation" status=200 duration=1.215ms remote="172.18.0.21:57304"
postgres-1               | 
api-gateway-1            | 2026/03/23 04:39:02 access service="api-gateway" method="POST" path="/api/v1/orders/ord_3/milestones/ms_1/bind-carrier" status=201 duration=53µs remote="172.18.0.21:57304"
postgres-1               | The database cluster will be initialized with locale "en_US.utf8".
api-gateway-1            | 2026/03/23 04:39:02 access service="api-gateway" method="POST" path="/api/v1/orders/ord_3/milestones/ms_1/jobs" status=201 duration=46µs remote="172.18.0.21:57304"
postgres-1               | The default database encoding has accordingly been set to "UTF8".
fiber-adapter-1          | 2026/03/23 04:38:41 access service="fiber-adapter" method="GET" path="/healthz" status=200 duration=43µs remote="127.0.0.1:38844"
api-gateway-1            | 2026/03/23 04:39:02 access service="api-gateway" method="POST" path="/api/v1/carrier/callbacks/events" status=200 duration=472µs remote="172.18.0.21:57304"
fiber-adapter-1          | 2026/03/23 04:38:46 access service="fiber-adapter" method="GET" path="/healthz" status=200 duration=45µs remote="127.0.0.1:38854"
api-gateway-1            | 2026/03/23 04:39:02 access service="api-gateway" method="POST" path="/api/v1/carrier/callbacks/events" status=200 duration=1.798ms remote="172.18.0.21:57306"
remote-vps-1             | Accepted publickey for carrier from 172.18.0.14 port 52434 ssh2: ED25519 SHA256:T6bmROdrJ3C2/661IuSDCPRmyTt/mDtBWSaH7ngTqEI
remote-vps-1             | Received disconnect from 172.18.0.14 port 52434:11: disconnected by user
remote-vps-1             | Disconnected from user carrier 172.18.0.14 port 52434
remote-vps-1             | Accepted publickey for carrier from 172.18.0.14 port 52438 ssh2: ED25519 SHA256:T6bmROdrJ3C2/661IuSDCPRmyTt/mDtBWSaH7ngTqEI
remote-vps-1             | Received disconnect from 172.18.0.14 port 52438:11: disconnected by user
remote-vps-1             | Disconnected from user carrier 172.18.0.14 port 52438
nats-1                   | [1] 2026/03/23 04:32:54.816005 [INF] ---------------- JETSTREAM ----------------
iam-1                    | 2026/03/23 04:39:02 access service="iam" method="GET" path="/v1/me" status=200 duration=666µs remote="172.18.0.18:49808"
nats-1                   | [1] 2026/03/23 04:32:54.816009 [INF]   Max Memory:      11.71 GB
postgres-1               | The default text search configuration will be set to "english".
nats-1                   | [1] 2026/03/23 04:32:54.816013 [INF]   Max Storage:     62.26 GB
nats-1                   | [1] 2026/03/23 04:32:54.816016 [INF]   Store Directory: "/tmp/nats/jetstream"
nats-1                   | [1] 2026/03/23 04:32:54.816019 [INF] -------------------------------------------
nats-1                   | [1] 2026/03/23 04:32:54.816753 [INF] Listening for client connections on 0.0.0.0:4222
iam-1                    | 2026/03/23 04:39:02 access service="iam" method="GET" path="/v1/me" status=200 duration=560µs remote="172.18.0.11:55230"
nats-1                   | [1] 2026/03/23 04:32:54.816937 [INF] Server is ready
postgres-1               | 
api-gateway-1            | 2026/03/23 04:39:02 access service="api-gateway" method="POST" path="/api/v1/provider-settlement-bindings/org_2/disconnect" status=200 duration=1.026ms remote="172.18.0.21:57308"
usdi-e2e-runner-1        | {"asset":"USDI","faucetTxHash":"0xc29e528d691e960ecc1dfcc09536b2554497d96f82c20622cae635a77305dfc6","explorerProofUrls":["https://pudge.explorer.nervos.org/transaction/0xc29e528d691e960ecc1dfcc09536b2554497d96f82c20622cae635a77305dfc6"],"integrationIssues":["https://github.com/Keith-CY/carrier/issues/1595","carrier codeagent run probe skipped: missing OPENAI_API_KEY or OPENAI_CODEX_TOKEN"],"buyerUserEmail":"buyer-1774240651803467548@example.com","providerUserEmail":"provider-1774240651803467548@example.com","buyerOrgId":"org_1","providerOrgId":"org_2","buyerTopUpInvoice":"fibt501pa5fw6y6c5zgfw0pnm6vku47wsh385al92rssv9wfvvuq2na4w2uf7zzm3py6u3q7z627y53jhrwe8a67avy93u4zzvqjpppkdq7yaz5gf9unkcxfuy6vs3edtcdwa6uxvp5fmmwkshq2d74w5kgnner2qrmrju20sunuux3906q0r8yh8x4qmmhxqsq07vrdhexgyjkgkxl4cpmtyvl73tw72vvqxnxv9kzh6s9pg597328yd4398qg63sd2c7t9wv2gkh0lz7d49639zpuevxq3m3nqqmjxes90ypanxu75kavczr4yvsnvf2wpzpgq7a23rwx0r4yq5jrtvvz5s2tjjhzsfnqyw0xcgeajk83ha6xa39j89rlxl5va9emfkhumzja97t3d5y9u6zdqptjyafld5sytdl2m83spzzpj08","buyerTopUpFundingRecordId":"fund_1","buyerTopUpPaymentId":"0xaada60d81076be1a0145f65656e0d711e645e02d65ec6cf62a81c03d7a0f7bf5","bootstrapRfqId":"rfq_1","bootstrapBidId":"bid_1","bootstrapOrderId":"ord_1","bootstrapCarrierBindingId":"bind_1","bootstrapCarrierExecutionId":"job_1","bootstrapReservationId":"plr_1","bootstrapReservationChannel":"0xbb11abc8a0cddf1d859cc05d99e39d2465a30cf280c69163317d39790513a732","bootstrapReservationStatus":"released","bootstrapPayoutRecordIds":["fund_2","fund_3","fund_4"],"reuseRfqId":"rfq_2","reuseBidId":"bid_2","reuseOrderId":"ord_2","reuseReservationId":"plr_2","reuseReservationInitialChannel":"0x2be162459be6154b5524d4515b301eaf3aa78d6737a33428650ad54f7e941e59","reuseReservationChannel":"0x2be162459be6154b5524d4515b301eaf3aa78d6737a33428650ad54f7e941e59","reuseReservationStatus":"released","reuseReservationReuseSource":"reused","reusePayoutRecordIds":["fund_5","fund_6","fund_7"],"rfqId":"rfq_3","bidId":"bid_3","orderId":"ord_3","carrierProviderBindingId":"pcb_1","providerSettlementBindingId":"psb_1","carrierBindingId":"bind_3","carrierExecutionId":"job_3","reservationId":"plr_3","reservationInitialChannelId":"0x2be162459be6154b5524d4515b301eaf3aa78d6737a33428650ad54f7e941e59","reservationChannelId":"0x2be162459be6154b5524d4515b301eaf3aa78d6737a33428650ad54f7e941e59","reservationReuseSource":"reused","reservationStatus":"released","usageChargeCount":2,"providerPayoutRecordIds":["fund_8","fund_9","fund_10"],"disconnectOrderStatus":"awaiting_payment_rail","recoveredOrderStatus":"running","finalOrderStatus":"completed"}
api-gateway-1            | 2026/03/23 04:39:02 access service="api-gateway" method="GET" path="/api/v1/orders/ord_3" status=200 duration=1.696ms remote="172.18.0.21:57308"
remote-vps-1             | Accepted publickey for carrier from 172.18.0.14 port 52446 ssh2: ED25519 SHA256:T6bmROdrJ3C2/661IuSDCPRmyTt/mDtBWSaH7ngTqEI
remote-vps-1             | kex_exchange_identification: Connection closed by remote host
remote-vps-1             | Connection closed by 127.0.0.1 port 45602
remote-vps-1             | Received disconnect from 172.18.0.14 port 52446:11: disconnected by user
remote-vps-1             | Disconnected from user carrier 172.18.0.14 port 52446
remote-vps-1             | Accepted publickey for carrier from 172.18.0.14 port 46234 ssh2: ED25519 SHA256:T6bmROdrJ3C2/661IuSDCPRmyTt/mDtBWSaH7ngTqEI
remote-vps-1             | Received disconnect from 172.18.0.14 port 46234:11: disconnected by user
remote-vps-1             | Disconnected from user carrier 172.18.0.14 port 46234
remote-vps-1             | Accepted publickey for carrier from 172.18.0.14 port 46244 ssh2: ED25519 SHA256:T6bmROdrJ3C2/661IuSDCPRmyTt/mDtBWSaH7ngTqEI
remote-vps-1             | Received disconnect from 172.18.0.14 port 46244:11: disconnected by user
remote-vps-1             | Disconnected from user carrier 172.18.0.14 port 46244
remote-vps-1             | Accepted publickey for carrier from 172.18.0.14 port 46260 ssh2: ED25519 SHA256:T6bmROdrJ3C2/661IuSDCPRmyTt/mDtBWSaH7ngTqEI
remote-vps-1             | Received disconnect from 172.18.0.14 port 46260:11: disconnected by user
remote-vps-1             | Disconnected from user carrier 172.18.0.14 port 46260
remote-vps-1             | kex_exchange_identification: Connection closed by remote host
remote-vps-1             | Connection closed by 127.0.0.1 port 45610
api-gateway-1            | 2026/03/23 04:39:02 access service="api-gateway" method="POST" path="/api/v1/provider-settlement-bindings/org_2/recover" status=200 duration=4.466ms remote="172.18.0.21:57308"
fiber-adapter-1          | 2026/03/23 04:38:51 access service="fiber-adapter" method="GET" path="/healthz" status=200 duration=82µs remote="127.0.0.1:39750"
remote-vps-1             | kex_exchange_identification: Connection closed by remote host
fiber-adapter-1          | 2026/03/23 04:38:56 access service="fiber-adapter" method="GET" path="/healthz" status=200 duration=42µs remote="127.0.0.1:39760"
remote-vps-1             | Connection closed by 127.0.0.1 port 33978
fiber-adapter-1          | 2026/03/23 04:39:01 access service="fiber-adapter" method="GET" path="/healthz" status=200 duration=38µs remote="127.0.0.1:41788"
postgres-1               | Data page checksums are disabled.
remote-vps-1             | kex_exchange_identification: Connection closed by remote host
postgres-1               | 
fiber-adapter-1          | 2026/03/23 04:39:02 access service="fiber-adapter" method="POST" path="/" status=200 duration=3.028ms remote="172.18.0.18:38370"
remote-vps-1             | Connection closed by 127.0.0.1 port 33980
fiber-adapter-1          | 2026/03/23 04:39:02 access service="fiber-adapter" method="POST" path="/" status=200 duration=3.179ms remote="172.18.0.18:38370"
remote-vps-1             | kex_exchange_identification: Connection closed by remote host
fiber-adapter-1          | 2026/03/23 04:39:02 access service="fiber-adapter" method="POST" path="/" status=200 duration=2.869ms remote="172.18.0.18:38370"
remote-vps-1             | Connection closed by 127.0.0.1 port 54402
remote-vps-1             | kex_exchange_identification: Connection closed by remote host
postgres-1               | fixing permissions on existing directory /var/lib/postgresql/data ... ok
remote-vps-1             | Connection closed by 127.0.0.1 port 54416
postgres-1               | creating subdirectories ... ok
fiber-adapter-1          | 2026/03/23 04:39:02 access service="fiber-adapter" method="POST" path="/" status=200 duration=3.609ms remote="172.18.0.18:38370"
postgres-1               | selecting dynamic shared memory implementation ... posix
fiber-adapter-1          | 2026/03/23 04:39:02 access service="fiber-adapter" method="POST" path="/" status=200 duration=2.822ms remote="172.18.0.18:38370"
postgres-1               | selecting default max_connections ... 100
fiber-adapter-1          | 2026/03/23 04:39:02 access service="fiber-adapter" method="POST" path="/" status=200 duration=2.371ms remote="172.18.0.18:38370"
postgres-1               | selecting default shared_buffers ... 128MB
fiber-adapter-1          | 2026/03/23 04:39:02 access service="fiber-adapter" method="POST" path="/" status=200 duration=6.144ms remote="172.18.0.18:38370"
postgres-1               | selecting default time zone ... UTC
fiber-adapter-1          | 2026/03/23 04:39:02 access service="fiber-adapter" method="POST" path="/" status=200 duration=2.831ms remote="172.18.0.18:38370"
postgres-1               | creating configuration files ... ok
fiber-adapter-1          | 2026/03/23 04:39:02 access service="fiber-adapter" method="POST" path="/" status=200 duration=2.116ms remote="172.18.0.18:38370"
postgres-1               | running bootstrap script ... ok
postgres-1               | sh: locale: not found
postgres-1               | 2026-03-23 04:32:55.352 UTC [35] WARNING:  no usable system locales were found
postgres-1               | performing post-bootstrap initialization ... ok
postgres-1               | syncing data to disk ... ok
postgres-1               | 
postgres-1               | initdb: warning: enabling "trust" authentication for local connections
postgres-1               | initdb: hint: You can change this by editing pg_hba.conf or using the option -A, or --auth-local and --auth-host, the next time you run initdb.
postgres-1               | 
postgres-1               | Success. You can now start the database server using:
postgres-1               | 
postgres-1               |     pg_ctl -D /var/lib/postgresql/data -l logfile start
postgres-1               | 
postgres-1               | waiting for server to start....2026-03-23 04:32:56.110 UTC [41] LOG:  starting PostgreSQL 16.13 on x86_64-pc-linux-musl, compiled by gcc (Alpine 15.2.0) 15.2.0, 64-bit
postgres-1               | 2026-03-23 04:32:56.110 UTC [41] LOG:  listening on Unix socket "/var/run/postgresql/.s.PGSQL.5432"
postgres-1               | 2026-03-23 04:32:56.114 UTC [44] LOG:  database system was shut down at 2026-03-23 04:32:55 UTC
postgres-1               | 2026-03-23 04:32:56.120 UTC [41] LOG:  database system is ready to accept connections
postgres-1               |  done
postgres-1               | server started
postgres-1               | CREATE DATABASE
postgres-1               | 
postgres-1               | 
postgres-1               | /usr/local/bin/docker-entrypoint.sh: ignoring /docker-entrypoint-initdb.d/*
postgres-1               | 
iam-1                    | 2026/03/23 04:39:02 access service="iam" method="GET" path="/v1/me" status=200 duration=519µs remote="172.18.0.11:55230"
iam-1                    | 2026/03/23 04:39:02 access service="iam" method="GET" path="/v1/me" status=200 duration=549µs remote="172.18.0.11:55230"
iam-1                    | 2026/03/23 04:39:02 access service="iam" method="GET" path="/v1/me" status=200 duration=534µs remote="172.18.0.11:55230"
iam-1                    | 2026/03/23 04:39:02 access service="iam" method="GET" path="/v1/me" status=200 duration=568µs remote="172.18.0.11:55230"
iam-1                    | 2026/03/23 04:39:02 access service="iam" method="GET" path="/v1/me" status=200 duration=643µs remote="172.18.0.11:55230"
iam-1                    | 2026/03/23 04:39:02 access service="iam" method="GET" path="/v1/me" status=200 duration=590µs remote="172.18.0.11:55230"
remote-vps-1             | kex_exchange_identification: Connection closed by remote host
remote-vps-1             | Connection closed by 127.0.0.1 port 54328
remote-vps-1             | kex_exchange_identification: Connection closed by remote host
remote-vps-1             | Connection closed by 127.0.0.1 port 54340
remote-vps-1             | kex_exchange_identification: Connection closed by remote host
remote-vps-1             | Connection closed by 127.0.0.1 port 36440
remote-vps-1             | kex_exchange_identification: Connection closed by remote host
api-gateway-1            | 2026/03/23 04:39:02 access service="api-gateway" method="GET" path="/api/v1/orders/ord_3" status=200 duration=1.758ms remote="172.18.0.21:57308"
api-gateway-1            | 2026/03/23 04:39:02 access service="api-gateway" method="POST" path="/api/v1/carrier/callbacks/events" status=200 duration=2.078ms remote="172.18.0.21:57308"
api-gateway-1            | 2026/03/23 04:39:02 access service="api-gateway" method="POST" path="/api/v1/carrier/callbacks/events" status=200 duration=700µs remote="172.18.0.21:57322"
api-gateway-1            | 2026/03/23 04:39:02 access service="api-gateway" method="POST" path="/api/v1/carrier/callbacks/events" status=200 duration=1.495ms remote="172.18.0.21:57338"
api-gateway-1            | 2026/03/23 04:39:02 access service="api-gateway" method="GET" path="/api/v1/orders/ord_3" status=200 duration=1.399ms remote="172.18.0.21:57344"
api-gateway-1            | 2026/03/23 04:39:02 access service="api-gateway" method="GET" path="/api/v1/orders/ord_3/provider-settlement-reservation" status=200 duration=1.059ms remote="172.18.0.21:57344"
postgres-1               | waiting for server to shut down...2026-03-23 04:32:56.286 UTC [41] LOG:  received fast shutdown request
postgres-1               | .2026-03-23 04:32:56.287 UTC [41] LOG:  aborting any active transactions
postgres-1               | 2026-03-23 04:32:56.299 UTC [41] LOG:  background worker "logical replication launcher" (PID 47) exited with exit code 1
postgres-1               | 2026-03-23 04:32:56.299 UTC [42] LOG:  shutting down
postgres-1               | 2026-03-23 04:32:56.300 UTC [42] LOG:  checkpoint starting: shutdown immediate
